------------------------------------------------------------
TimeQuest Timing Analyzer Summary
------------------------------------------------------------

Type  : Slow 1100mV 85C Model Setup 'clk_vga'
Slack : -12.923
TNS   : -316.844

Type  : Slow 1100mV 85C Model Setup 'clk_dram'
Slack : -5.392
TNS   : -131.785

Type  : Slow 1100mV 85C Model Setup 'The_System|system_pll|sys_pll|altera_pll_i|general[0].gpll~PLL_OUTPUT_COUNTER|divclk'
Slack : 0.121
TNS   : 0.000

Type  : Slow 1100mV 85C Model Setup 'The_System|system_pll|sys_pll|altera_pll_i|general[1].gpll~PLL_OUTPUT_COUNTER|divclk'
Slack : 1.506
TNS   : 0.000

Type  : Slow 1100mV 85C Model Setup 'Computer_System:The_System|Computer_System_ARM_A9_HPS:arm_a9_hps|Computer_System_ARM_A9_HPS_hps_io:hps_io|Computer_System_ARM_A9_HPS_hps_io_border:border|hps_sdram:hps_sdram_inst|hps_sdram_pll:pll|afi_clk_write_clk'
Slack : 1.730
TNS   : 0.000

Type  : Slow 1100mV 85C Model Setup 'The_System|vga_subsystem|vga_pll|video_pll|altera_pll_i|general[1].gpll~PLL_OUTPUT_COUNTER|divclk'
Slack : 34.713
TNS   : 0.000

Type  : Slow 1100mV 85C Model Hold 'The_System|system_pll|sys_pll|altera_pll_i|general[0].gpll~PLL_OUTPUT_COUNTER|divclk'
Slack : -3.862
TNS   : -60.413

Type  : Slow 1100mV 85C Model Hold 'Computer_System:The_System|Computer_System_ARM_A9_HPS:arm_a9_hps|Computer_System_ARM_A9_HPS_hps_io:hps_io|Computer_System_ARM_A9_HPS_hps_io_border:border|hps_sdram:hps_sdram_inst|hps_sdram_pll:pll|afi_clk_write_clk'
Slack : 0.143
TNS   : 0.000

Type  : Slow 1100mV 85C Model Hold 'The_System|vga_subsystem|vga_pll|video_pll|altera_pll_i|general[1].gpll~PLL_OUTPUT_COUNTER|divclk'
Slack : 0.311
TNS   : 0.000

Type  : Slow 1100mV 85C Model Hold 'The_System|system_pll|sys_pll|altera_pll_i|general[1].gpll~PLL_OUTPUT_COUNTER|divclk'
Slack : 0.322
TNS   : 0.000

Type  : Slow 1100mV 85C Model Hold 'clk_vga'
Slack : 8.843
TNS   : 0.000

Type  : Slow 1100mV 85C Model Hold 'clk_dram'
Slack : 9.246
TNS   : 0.000

Type  : Slow 1100mV 85C Model Recovery 'The_System|system_pll|sys_pll|altera_pll_i|general[0].gpll~PLL_OUTPUT_COUNTER|divclk'
Slack : 2.951
TNS   : 0.000

Type  : Slow 1100mV 85C Model Recovery 'Computer_System:The_System|Computer_System_ARM_A9_HPS:arm_a9_hps|Computer_System_ARM_A9_HPS_hps_io:hps_io|Computer_System_ARM_A9_HPS_hps_io_border:border|hps_sdram:hps_sdram_inst|hps_sdram_pll:pll|afi_clk_write_clk'
Slack : 3.375
TNS   : 0.000

Type  : Slow 1100mV 85C Model Removal 'Computer_System:The_System|Computer_System_ARM_A9_HPS:arm_a9_hps|Computer_System_ARM_A9_HPS_hps_io:hps_io|Computer_System_ARM_A9_HPS_hps_io_border:border|hps_sdram:hps_sdram_inst|hps_sdram_pll:pll|afi_clk_write_clk'
Slack : 0.470
TNS   : 0.000

Type  : Slow 1100mV 85C Model Removal 'The_System|system_pll|sys_pll|altera_pll_i|general[0].gpll~PLL_OUTPUT_COUNTER|divclk'
Slack : 0.754
TNS   : 0.000

Type  : Slow 1100mV 85C Model Minimum Pulse Width 'Computer_System:The_System|Computer_System_ARM_A9_HPS:arm_a9_hps|Computer_System_ARM_A9_HPS_hps_io:hps_io|Computer_System_ARM_A9_HPS_hps_io_border:border|hps_sdram:hps_sdram_inst|hps_sdram_pll:pll|pll_write_clk_dq_write_clk'
Slack : 0.608
TNS   : 0.000

Type  : Slow 1100mV 85C Model Minimum Pulse Width 'Computer_System:The_System|Computer_System_ARM_A9_HPS:arm_a9_hps|Computer_System_ARM_A9_HPS_hps_io:hps_io|Computer_System_ARM_A9_HPS_hps_io_border:border|hps_sdram:hps_sdram_inst|hps_sdram_pll:pll|afi_clk_write_clk'
Slack : 0.623
TNS   : 0.000

Type  : Slow 1100mV 85C Model Minimum Pulse Width 'The_System|system_pll|sys_pll|altera_pll_i|general[0].gpll~FRACTIONAL_PLL|vcoph[0]'
Slack : 1.000
TNS   : 0.000

Type  : Slow 1100mV 85C Model Minimum Pulse Width 'The_System|vga_subsystem|vga_pll|video_pll|altera_pll_i|general[0].gpll~FRACTIONAL_PLL|vcoph[0]'
Slack : 1.666
TNS   : 0.000

Type  : Slow 1100mV 85C Model Minimum Pulse Width 'The_System|system_pll|sys_pll|altera_pll_i|general[0].gpll~PLL_OUTPUT_COUNTER|divclk'
Slack : 3.757
TNS   : 0.000

Type  : Slow 1100mV 85C Model Minimum Pulse Width 'The_System|system_pll|sys_pll|altera_pll_i|general[1].gpll~PLL_OUTPUT_COUNTER|divclk'
Slack : 3.770
TNS   : 0.000

Type  : Slow 1100mV 85C Model Minimum Pulse Width 'CLOCK2_50'
Slack : 9.670
TNS   : 0.000

Type  : Slow 1100mV 85C Model Minimum Pulse Width 'CLOCK_50'
Slack : 9.670
TNS   : 0.000

Type  : Slow 1100mV 85C Model Minimum Pulse Width 'The_System|vga_subsystem|vga_pll|video_pll|altera_pll_i|general[1].gpll~PLL_OUTPUT_COUNTER|divclk'
Slack : 18.779
TNS   : 0.000

Type  : Slow 1100mV 0C Model Setup 'clk_vga'
Slack : -12.558
TNS   : -306.683

Type  : Slow 1100mV 0C Model Setup 'clk_dram'
Slack : -4.910
TNS   : -121.874

Type  : Slow 1100mV 0C Model Setup 'The_System|system_pll|sys_pll|altera_pll_i|general[0].gpll~PLL_OUTPUT_COUNTER|divclk'
Slack : 0.284
TNS   : 0.000

Type  : Slow 1100mV 0C Model Setup 'The_System|system_pll|sys_pll|altera_pll_i|general[1].gpll~PLL_OUTPUT_COUNTER|divclk'
Slack : 1.371
TNS   : 0.000

Type  : Slow 1100mV 0C Model Setup 'Computer_System:The_System|Computer_System_ARM_A9_HPS:arm_a9_hps|Computer_System_ARM_A9_HPS_hps_io:hps_io|Computer_System_ARM_A9_HPS_hps_io_border:border|hps_sdram:hps_sdram_inst|hps_sdram_pll:pll|afi_clk_write_clk'
Slack : 1.727
TNS   : 0.000

Type  : Slow 1100mV 0C Model Setup 'The_System|vga_subsystem|vga_pll|video_pll|altera_pll_i|general[1].gpll~PLL_OUTPUT_COUNTER|divclk'
Slack : 34.708
TNS   : 0.000

Type  : Slow 1100mV 0C Model Hold 'The_System|system_pll|sys_pll|altera_pll_i|general[0].gpll~PLL_OUTPUT_COUNTER|divclk'
Slack : -4.183
TNS   : -65.551

Type  : Slow 1100mV 0C Model Hold 'Computer_System:The_System|Computer_System_ARM_A9_HPS:arm_a9_hps|Computer_System_ARM_A9_HPS_hps_io:hps_io|Computer_System_ARM_A9_HPS_hps_io_border:border|hps_sdram:hps_sdram_inst|hps_sdram_pll:pll|afi_clk_write_clk'
Slack : 0.162
TNS   : 0.000

Type  : Slow 1100mV 0C Model Hold 'The_System|vga_subsystem|vga_pll|video_pll|altera_pll_i|general[1].gpll~PLL_OUTPUT_COUNTER|divclk'
Slack : 0.291
TNS   : 0.000

Type  : Slow 1100mV 0C Model Hold 'The_System|system_pll|sys_pll|altera_pll_i|general[1].gpll~PLL_OUTPUT_COUNTER|divclk'
Slack : 0.297
TNS   : 0.000

Type  : Slow 1100mV 0C Model Hold 'clk_vga'
Slack : 8.574
TNS   : 0.000

Type  : Slow 1100mV 0C Model Hold 'clk_dram'
Slack : 9.097
TNS   : 0.000

Type  : Slow 1100mV 0C Model Recovery 'The_System|system_pll|sys_pll|altera_pll_i|general[0].gpll~PLL_OUTPUT_COUNTER|divclk'
Slack : 3.263
TNS   : 0.000

Type  : Slow 1100mV 0C Model Recovery 'Computer_System:The_System|Computer_System_ARM_A9_HPS:arm_a9_hps|Computer_System_ARM_A9_HPS_hps_io:hps_io|Computer_System_ARM_A9_HPS_hps_io_border:border|hps_sdram:hps_sdram_inst|hps_sdram_pll:pll|afi_clk_write_clk'
Slack : 3.468
TNS   : 0.000

Type  : Slow 1100mV 0C Model Removal 'Computer_System:The_System|Computer_System_ARM_A9_HPS:arm_a9_hps|Computer_System_ARM_A9_HPS_hps_io:hps_io|Computer_System_ARM_A9_HPS_hps_io_border:border|hps_sdram:hps_sdram_inst|hps_sdram_pll:pll|afi_clk_write_clk'
Slack : 0.460
TNS   : 0.000

Type  : Slow 1100mV 0C Model Removal 'The_System|system_pll|sys_pll|altera_pll_i|general[0].gpll~PLL_OUTPUT_COUNTER|divclk'
Slack : 0.671
TNS   : 0.000

Type  : Slow 1100mV 0C Model Minimum Pulse Width 'Computer_System:The_System|Computer_System_ARM_A9_HPS:arm_a9_hps|Computer_System_ARM_A9_HPS_hps_io:hps_io|Computer_System_ARM_A9_HPS_hps_io_border:border|hps_sdram:hps_sdram_inst|hps_sdram_pll:pll|pll_write_clk_dq_write_clk'
Slack : 0.613
TNS   : 0.000

Type  : Slow 1100mV 0C Model Minimum Pulse Width 'Computer_System:The_System|Computer_System_ARM_A9_HPS:arm_a9_hps|Computer_System_ARM_A9_HPS_hps_io:hps_io|Computer_System_ARM_A9_HPS_hps_io_border:border|hps_sdram:hps_sdram_inst|hps_sdram_pll:pll|afi_clk_write_clk'
Slack : 0.630
TNS   : 0.000

Type  : Slow 1100mV 0C Model Minimum Pulse Width 'The_System|system_pll|sys_pll|altera_pll_i|general[0].gpll~FRACTIONAL_PLL|vcoph[0]'
Slack : 1.000
TNS   : 0.000

Type  : Slow 1100mV 0C Model Minimum Pulse Width 'The_System|vga_subsystem|vga_pll|video_pll|altera_pll_i|general[0].gpll~FRACTIONAL_PLL|vcoph[0]'
Slack : 1.666
TNS   : 0.000

Type  : Slow 1100mV 0C Model Minimum Pulse Width 'The_System|system_pll|sys_pll|altera_pll_i|general[0].gpll~PLL_OUTPUT_COUNTER|divclk'
Slack : 3.739
TNS   : 0.000

Type  : Slow 1100mV 0C Model Minimum Pulse Width 'The_System|system_pll|sys_pll|altera_pll_i|general[1].gpll~PLL_OUTPUT_COUNTER|divclk'
Slack : 3.747
TNS   : 0.000

Type  : Slow 1100mV 0C Model Minimum Pulse Width 'CLOCK2_50'
Slack : 9.673
TNS   : 0.000

Type  : Slow 1100mV 0C Model Minimum Pulse Width 'CLOCK_50'
Slack : 9.673
TNS   : 0.000

Type  : Slow 1100mV 0C Model Minimum Pulse Width 'The_System|vga_subsystem|vga_pll|video_pll|altera_pll_i|general[1].gpll~PLL_OUTPUT_COUNTER|divclk'
Slack : 18.760
TNS   : 0.000

Type  : Fast 1100mV 85C Model Setup 'clk_vga'
Slack : -7.896
TNS   : -192.197

Type  : Fast 1100mV 85C Model Setup 'clk_dram'
Slack : 0.181
TNS   : 0.000

Type  : Fast 1100mV 85C Model Setup 'The_System|system_pll|sys_pll|altera_pll_i|general[0].gpll~PLL_OUTPUT_COUNTER|divclk'
Slack : 1.287
TNS   : 0.000

Type  : Fast 1100mV 85C Model Setup 'Computer_System:The_System|Computer_System_ARM_A9_HPS:arm_a9_hps|Computer_System_ARM_A9_HPS_hps_io:hps_io|Computer_System_ARM_A9_HPS_hps_io_border:border|hps_sdram:hps_sdram_inst|hps_sdram_pll:pll|afi_clk_write_clk'
Slack : 2.110
TNS   : 0.000

Type  : Fast 1100mV 85C Model Setup 'The_System|system_pll|sys_pll|altera_pll_i|general[1].gpll~PLL_OUTPUT_COUNTER|divclk'
Slack : 3.929
TNS   : 0.000

Type  : Fast 1100mV 85C Model Setup 'The_System|vga_subsystem|vga_pll|video_pll|altera_pll_i|general[1].gpll~PLL_OUTPUT_COUNTER|divclk'
Slack : 36.787
TNS   : 0.000

Type  : Fast 1100mV 85C Model Hold 'The_System|system_pll|sys_pll|altera_pll_i|general[0].gpll~PLL_OUTPUT_COUNTER|divclk'
Slack : -1.756
TNS   : -27.217

Type  : Fast 1100mV 85C Model Hold 'Computer_System:The_System|Computer_System_ARM_A9_HPS:arm_a9_hps|Computer_System_ARM_A9_HPS_hps_io:hps_io|Computer_System_ARM_A9_HPS_hps_io_border:border|hps_sdram:hps_sdram_inst|hps_sdram_pll:pll|afi_clk_write_clk'
Slack : 0.084
TNS   : 0.000

Type  : Fast 1100mV 85C Model Hold 'The_System|system_pll|sys_pll|altera_pll_i|general[1].gpll~PLL_OUTPUT_COUNTER|divclk'
Slack : 0.180
TNS   : 0.000

Type  : Fast 1100mV 85C Model Hold 'The_System|vga_subsystem|vga_pll|video_pll|altera_pll_i|general[1].gpll~PLL_OUTPUT_COUNTER|divclk'
Slack : 0.180
TNS   : 0.000

Type  : Fast 1100mV 85C Model Hold 'clk_vga'
Slack : 4.698
TNS   : 0.000

Type  : Fast 1100mV 85C Model Hold 'clk_dram'
Slack : 5.206
TNS   : 0.000

Type  : Fast 1100mV 85C Model Recovery 'Computer_System:The_System|Computer_System_ARM_A9_HPS:arm_a9_hps|Computer_System_ARM_A9_HPS_hps_io:hps_io|Computer_System_ARM_A9_HPS_hps_io_border:border|hps_sdram:hps_sdram_inst|hps_sdram_pll:pll|afi_clk_write_clk'
Slack : 3.727
TNS   : 0.000

Type  : Fast 1100mV 85C Model Recovery 'The_System|system_pll|sys_pll|altera_pll_i|general[0].gpll~PLL_OUTPUT_COUNTER|divclk'
Slack : 5.225
TNS   : 0.000

Type  : Fast 1100mV 85C Model Removal 'The_System|system_pll|sys_pll|altera_pll_i|general[0].gpll~PLL_OUTPUT_COUNTER|divclk'
Slack : 0.404
TNS   : 0.000

Type  : Fast 1100mV 85C Model Removal 'Computer_System:The_System|Computer_System_ARM_A9_HPS:arm_a9_hps|Computer_System_ARM_A9_HPS_hps_io:hps_io|Computer_System_ARM_A9_HPS_hps_io_border:border|hps_sdram:hps_sdram_inst|hps_sdram_pll:pll|afi_clk_write_clk'
Slack : 0.497
TNS   : 0.000

Type  : Fast 1100mV 85C Model Minimum Pulse Width 'Computer_System:The_System|Computer_System_ARM_A9_HPS:arm_a9_hps|Computer_System_ARM_A9_HPS_hps_io:hps_io|Computer_System_ARM_A9_HPS_hps_io_border:border|hps_sdram:hps_sdram_inst|hps_sdram_pll:pll|pll_write_clk_dq_write_clk'
Slack : 0.883
TNS   : 0.000

Type  : Fast 1100mV 85C Model Minimum Pulse Width 'Computer_System:The_System|Computer_System_ARM_A9_HPS:arm_a9_hps|Computer_System_ARM_A9_HPS_hps_io:hps_io|Computer_System_ARM_A9_HPS_hps_io_border:border|hps_sdram:hps_sdram_inst|hps_sdram_pll:pll|afi_clk_write_clk'
Slack : 0.891
TNS   : 0.000

Type  : Fast 1100mV 85C Model Minimum Pulse Width 'The_System|system_pll|sys_pll|altera_pll_i|general[0].gpll~FRACTIONAL_PLL|vcoph[0]'
Slack : 1.000
TNS   : 0.000

Type  : Fast 1100mV 85C Model Minimum Pulse Width 'The_System|vga_subsystem|vga_pll|video_pll|altera_pll_i|general[0].gpll~FRACTIONAL_PLL|vcoph[0]'
Slack : 1.666
TNS   : 0.000

Type  : Fast 1100mV 85C Model Minimum Pulse Width 'The_System|system_pll|sys_pll|altera_pll_i|general[0].gpll~PLL_OUTPUT_COUNTER|divclk'
Slack : 3.880
TNS   : 0.000

Type  : Fast 1100mV 85C Model Minimum Pulse Width 'The_System|system_pll|sys_pll|altera_pll_i|general[1].gpll~PLL_OUTPUT_COUNTER|divclk'
Slack : 3.888
TNS   : 0.000

Type  : Fast 1100mV 85C Model Minimum Pulse Width 'CLOCK2_50'
Slack : 9.336
TNS   : 0.000

Type  : Fast 1100mV 85C Model Minimum Pulse Width 'CLOCK_50'
Slack : 9.336
TNS   : 0.000

Type  : Fast 1100mV 85C Model Minimum Pulse Width 'The_System|vga_subsystem|vga_pll|video_pll|altera_pll_i|general[1].gpll~PLL_OUTPUT_COUNTER|divclk'
Slack : 18.891
TNS   : 0.000

Type  : Fast 1100mV 0C Model Setup 'clk_vga'
Slack : -7.450
TNS   : -180.857

Type  : Fast 1100mV 0C Model Setup 'clk_dram'
Slack : 0.762
TNS   : 0.000

Type  : Fast 1100mV 0C Model Setup 'The_System|system_pll|sys_pll|altera_pll_i|general[0].gpll~PLL_OUTPUT_COUNTER|divclk'
Slack : 1.465
TNS   : 0.000

Type  : Fast 1100mV 0C Model Setup 'Computer_System:The_System|Computer_System_ARM_A9_HPS:arm_a9_hps|Computer_System_ARM_A9_HPS_hps_io:hps_io|Computer_System_ARM_A9_HPS_hps_io_border:border|hps_sdram:hps_sdram_inst|hps_sdram_pll:pll|afi_clk_write_clk'
Slack : 2.110
TNS   : 0.000

Type  : Fast 1100mV 0C Model Setup 'The_System|system_pll|sys_pll|altera_pll_i|general[1].gpll~PLL_OUTPUT_COUNTER|divclk'
Slack : 4.026
TNS   : 0.000

Type  : Fast 1100mV 0C Model Setup 'The_System|vga_subsystem|vga_pll|video_pll|altera_pll_i|general[1].gpll~PLL_OUTPUT_COUNTER|divclk'
Slack : 36.986
TNS   : 0.000

Type  : Fast 1100mV 0C Model Hold 'The_System|system_pll|sys_pll|altera_pll_i|general[0].gpll~PLL_OUTPUT_COUNTER|divclk'
Slack : -2.192
TNS   : -34.167

Type  : Fast 1100mV 0C Model Hold 'Computer_System:The_System|Computer_System_ARM_A9_HPS:arm_a9_hps|Computer_System_ARM_A9_HPS_hps_io:hps_io|Computer_System_ARM_A9_HPS_hps_io_border:border|hps_sdram:hps_sdram_inst|hps_sdram_pll:pll|afi_clk_write_clk'
Slack : 0.077
TNS   : 0.000

Type  : Fast 1100mV 0C Model Hold 'The_System|system_pll|sys_pll|altera_pll_i|general[1].gpll~PLL_OUTPUT_COUNTER|divclk'
Slack : 0.162
TNS   : 0.000

Type  : Fast 1100mV 0C Model Hold 'The_System|vga_subsystem|vga_pll|video_pll|altera_pll_i|general[1].gpll~PLL_OUTPUT_COUNTER|divclk'
Slack : 0.163
TNS   : 0.000

Type  : Fast 1100mV 0C Model Hold 'clk_vga'
Slack : 4.316
TNS   : 0.000

Type  : Fast 1100mV 0C Model Hold 'clk_dram'
Slack : 4.888
TNS   : 0.000

Type  : Fast 1100mV 0C Model Recovery 'Computer_System:The_System|Computer_System_ARM_A9_HPS:arm_a9_hps|Computer_System_ARM_A9_HPS_hps_io:hps_io|Computer_System_ARM_A9_HPS_hps_io_border:border|hps_sdram:hps_sdram_inst|hps_sdram_pll:pll|afi_clk_write_clk'
Slack : 3.825
TNS   : 0.000

Type  : Fast 1100mV 0C Model Recovery 'The_System|system_pll|sys_pll|altera_pll_i|general[0].gpll~PLL_OUTPUT_COUNTER|divclk'
Slack : 5.754
TNS   : 0.000

Type  : Fast 1100mV 0C Model Removal 'The_System|system_pll|sys_pll|altera_pll_i|general[0].gpll~PLL_OUTPUT_COUNTER|divclk'
Slack : 0.347
TNS   : 0.000

Type  : Fast 1100mV 0C Model Removal 'Computer_System:The_System|Computer_System_ARM_A9_HPS:arm_a9_hps|Computer_System_ARM_A9_HPS_hps_io:hps_io|Computer_System_ARM_A9_HPS_hps_io_border:border|hps_sdram:hps_sdram_inst|hps_sdram_pll:pll|afi_clk_write_clk'
Slack : 0.473
TNS   : 0.000

Type  : Fast 1100mV 0C Model Minimum Pulse Width 'Computer_System:The_System|Computer_System_ARM_A9_HPS:arm_a9_hps|Computer_System_ARM_A9_HPS_hps_io:hps_io|Computer_System_ARM_A9_HPS_hps_io_border:border|hps_sdram:hps_sdram_inst|hps_sdram_pll:pll|pll_write_clk_dq_write_clk'
Slack : 0.887
TNS   : 0.000

Type  : Fast 1100mV 0C Model Minimum Pulse Width 'Computer_System:The_System|Computer_System_ARM_A9_HPS:arm_a9_hps|Computer_System_ARM_A9_HPS_hps_io:hps_io|Computer_System_ARM_A9_HPS_hps_io_border:border|hps_sdram:hps_sdram_inst|hps_sdram_pll:pll|afi_clk_write_clk'
Slack : 0.894
TNS   : 0.000

Type  : Fast 1100mV 0C Model Minimum Pulse Width 'The_System|system_pll|sys_pll|altera_pll_i|general[0].gpll~FRACTIONAL_PLL|vcoph[0]'
Slack : 1.000
TNS   : 0.000

Type  : Fast 1100mV 0C Model Minimum Pulse Width 'The_System|vga_subsystem|vga_pll|video_pll|altera_pll_i|general[0].gpll~FRACTIONAL_PLL|vcoph[0]'
Slack : 1.666
TNS   : 0.000

Type  : Fast 1100mV 0C Model Minimum Pulse Width 'The_System|system_pll|sys_pll|altera_pll_i|general[0].gpll~PLL_OUTPUT_COUNTER|divclk'
Slack : 3.879
TNS   : 0.000

Type  : Fast 1100mV 0C Model Minimum Pulse Width 'The_System|system_pll|sys_pll|altera_pll_i|general[1].gpll~PLL_OUTPUT_COUNTER|divclk'
Slack : 3.884
TNS   : 0.000

Type  : Fast 1100mV 0C Model Minimum Pulse Width 'CLOCK2_50'
Slack : 9.286
TNS   : 0.000

Type  : Fast 1100mV 0C Model Minimum Pulse Width 'CLOCK_50'
Slack : 9.286
TNS   : 0.000

Type  : Fast 1100mV 0C Model Minimum Pulse Width 'The_System|vga_subsystem|vga_pll|video_pll|altera_pll_i|general[1].gpll~PLL_OUTPUT_COUNTER|divclk'
Slack : 18.892
TNS   : 0.000

------------------------------------------------------------
Info: see the "DDR report" for DDR timing results
------------------------------------------------------------
------------------------------------------------------------
