------------------------------------------------------------
TimeQuest Timing Analyzer Summary
------------------------------------------------------------

Type  : Slow 1100mV 85C Model Setup 'clk_vga'
Slack : -13.593
TNS   : -333.231

Type  : Slow 1100mV 85C Model Setup 'clk_dram'
Slack : -5.568
TNS   : -147.024

Type  : Slow 1100mV 85C Model Setup 'The_System|system_pll|sys_pll|altera_pll_i|general[0].gpll~PLL_OUTPUT_COUNTER|divclk'
Slack : 1.038
TNS   : 0.000

Type  : Slow 1100mV 85C Model Setup 'Computer_System:The_System|Computer_System_ARM_A9_HPS:arm_a9_hps|Computer_System_ARM_A9_HPS_hps_io:hps_io|Computer_System_ARM_A9_HPS_hps_io_border:border|hps_sdram:hps_sdram_inst|hps_sdram_pll:pll|afi_clk_write_clk'
Slack : 1.730
TNS   : 0.000

Type  : Slow 1100mV 85C Model Setup 'tv_27m'
Slack : 28.249
TNS   : 0.000

Type  : Slow 1100mV 85C Model Setup 'The_System|vga_subsystem|vga_pll|video_pll|altera_pll_i|general[1].gpll~PLL_OUTPUT_COUNTER|divclk'
Slack : 33.818
TNS   : 0.000

Type  : Slow 1100mV 85C Model Hold 'The_System|system_pll|sys_pll|altera_pll_i|general[0].gpll~PLL_OUTPUT_COUNTER|divclk'
Slack : -3.395
TNS   : -52.494

Type  : Slow 1100mV 85C Model Hold 'Computer_System:The_System|Computer_System_ARM_A9_HPS:arm_a9_hps|Computer_System_ARM_A9_HPS_hps_io:hps_io|Computer_System_ARM_A9_HPS_hps_io_border:border|hps_sdram:hps_sdram_inst|hps_sdram_pll:pll|afi_clk_write_clk'
Slack : 0.143
TNS   : 0.000

Type  : Slow 1100mV 85C Model Hold 'tv_27m'
Slack : 0.233
TNS   : 0.000

Type  : Slow 1100mV 85C Model Hold 'The_System|vga_subsystem|vga_pll|video_pll|altera_pll_i|general[1].gpll~PLL_OUTPUT_COUNTER|divclk'
Slack : 0.290
TNS   : 0.000

Type  : Slow 1100mV 85C Model Hold 'clk_dram'
Slack : 8.855
TNS   : 0.000

Type  : Slow 1100mV 85C Model Hold 'clk_vga'
Slack : 9.582
TNS   : 0.000

Type  : Slow 1100mV 85C Model Recovery 'The_System|system_pll|sys_pll|altera_pll_i|general[0].gpll~PLL_OUTPUT_COUNTER|divclk'
Slack : 2.243
TNS   : 0.000

Type  : Slow 1100mV 85C Model Recovery 'Computer_System:The_System|Computer_System_ARM_A9_HPS:arm_a9_hps|Computer_System_ARM_A9_HPS_hps_io:hps_io|Computer_System_ARM_A9_HPS_hps_io_border:border|hps_sdram:hps_sdram_inst|hps_sdram_pll:pll|afi_clk_write_clk'
Slack : 3.375
TNS   : 0.000

Type  : Slow 1100mV 85C Model Removal 'Computer_System:The_System|Computer_System_ARM_A9_HPS:arm_a9_hps|Computer_System_ARM_A9_HPS_hps_io:hps_io|Computer_System_ARM_A9_HPS_hps_io_border:border|hps_sdram:hps_sdram_inst|hps_sdram_pll:pll|afi_clk_write_clk'
Slack : 0.470
TNS   : 0.000

Type  : Slow 1100mV 85C Model Removal 'The_System|system_pll|sys_pll|altera_pll_i|general[0].gpll~PLL_OUTPUT_COUNTER|divclk'
Slack : 0.982
TNS   : 0.000

Type  : Slow 1100mV 85C Model Minimum Pulse Width 'Computer_System:The_System|Computer_System_ARM_A9_HPS:arm_a9_hps|Computer_System_ARM_A9_HPS_hps_io:hps_io|Computer_System_ARM_A9_HPS_hps_io_border:border|hps_sdram:hps_sdram_inst|hps_sdram_pll:pll|pll_write_clk_dq_write_clk'
Slack : 0.608
TNS   : 0.000

Type  : Slow 1100mV 85C Model Minimum Pulse Width 'Computer_System:The_System|Computer_System_ARM_A9_HPS:arm_a9_hps|Computer_System_ARM_A9_HPS_hps_io:hps_io|Computer_System_ARM_A9_HPS_hps_io_border:border|hps_sdram:hps_sdram_inst|hps_sdram_pll:pll|afi_clk_write_clk'
Slack : 0.623
TNS   : 0.000

Type  : Slow 1100mV 85C Model Minimum Pulse Width 'The_System|audio_subsystem|audio_pll|audio_pll|altera_pll_i|general[0].gpll~FRACTIONAL_PLL|vcoph[0]'
Slack : 0.689
TNS   : 0.000

Type  : Slow 1100mV 85C Model Minimum Pulse Width 'The_System|system_pll|sys_pll|altera_pll_i|general[0].gpll~FRACTIONAL_PLL|vcoph[0]'
Slack : 1.000
TNS   : 0.000

Type  : Slow 1100mV 85C Model Minimum Pulse Width 'The_System|vga_subsystem|vga_pll|video_pll|altera_pll_i|general[0].gpll~FRACTIONAL_PLL|vcoph[0]'
Slack : 1.666
TNS   : 0.000

Type  : Slow 1100mV 85C Model Minimum Pulse Width 'The_System|system_pll|sys_pll|altera_pll_i|general[0].gpll~PLL_OUTPUT_COUNTER|divclk'
Slack : 3.753
TNS   : 0.000

Type  : Slow 1100mV 85C Model Minimum Pulse Width 'The_System|system_pll|sys_pll|altera_pll_i|general[1].gpll~PLL_OUTPUT_COUNTER|divclk'
Slack : 4.842
TNS   : 0.000

Type  : Slow 1100mV 85C Model Minimum Pulse Width 'CLOCK2_50'
Slack : 9.670
TNS   : 0.000

Type  : Slow 1100mV 85C Model Minimum Pulse Width 'CLOCK3_50'
Slack : 9.670
TNS   : 0.000

Type  : Slow 1100mV 85C Model Minimum Pulse Width 'CLOCK_50'
Slack : 9.670
TNS   : 0.000

Type  : Slow 1100mV 85C Model Minimum Pulse Width 'tv_27m'
Slack : 17.443
TNS   : 0.000

Type  : Slow 1100mV 85C Model Minimum Pulse Width 'The_System|vga_subsystem|vga_pll|video_pll|altera_pll_i|general[1].gpll~PLL_OUTPUT_COUNTER|divclk'
Slack : 18.779
TNS   : 0.000

Type  : Slow 1100mV 0C Model Setup 'clk_vga'
Slack : -13.178
TNS   : -322.855

Type  : Slow 1100mV 0C Model Setup 'clk_dram'
Slack : -5.123
TNS   : -134.550

Type  : Slow 1100mV 0C Model Setup 'The_System|system_pll|sys_pll|altera_pll_i|general[0].gpll~PLL_OUTPUT_COUNTER|divclk'
Slack : 1.207
TNS   : 0.000

Type  : Slow 1100mV 0C Model Setup 'Computer_System:The_System|Computer_System_ARM_A9_HPS:arm_a9_hps|Computer_System_ARM_A9_HPS_hps_io:hps_io|Computer_System_ARM_A9_HPS_hps_io_border:border|hps_sdram:hps_sdram_inst|hps_sdram_pll:pll|afi_clk_write_clk'
Slack : 1.727
TNS   : 0.000

Type  : Slow 1100mV 0C Model Setup 'tv_27m'
Slack : 28.805
TNS   : 0.000

Type  : Slow 1100mV 0C Model Setup 'The_System|vga_subsystem|vga_pll|video_pll|altera_pll_i|general[1].gpll~PLL_OUTPUT_COUNTER|divclk'
Slack : 33.913
TNS   : 0.000

Type  : Slow 1100mV 0C Model Hold 'The_System|system_pll|sys_pll|altera_pll_i|general[0].gpll~PLL_OUTPUT_COUNTER|divclk'
Slack : -3.702
TNS   : -57.376

Type  : Slow 1100mV 0C Model Hold 'Computer_System:The_System|Computer_System_ARM_A9_HPS:arm_a9_hps|Computer_System_ARM_A9_HPS_hps_io:hps_io|Computer_System_ARM_A9_HPS_hps_io_border:border|hps_sdram:hps_sdram_inst|hps_sdram_pll:pll|afi_clk_write_clk'
Slack : 0.162
TNS   : 0.000

Type  : Slow 1100mV 0C Model Hold 'tv_27m'
Slack : 0.218
TNS   : 0.000

Type  : Slow 1100mV 0C Model Hold 'The_System|vga_subsystem|vga_pll|video_pll|altera_pll_i|general[1].gpll~PLL_OUTPUT_COUNTER|divclk'
Slack : 0.278
TNS   : 0.000

Type  : Slow 1100mV 0C Model Hold 'clk_dram'
Slack : 8.718
TNS   : 0.000

Type  : Slow 1100mV 0C Model Hold 'clk_vga'
Slack : 9.260
TNS   : 0.000

Type  : Slow 1100mV 0C Model Recovery 'The_System|system_pll|sys_pll|altera_pll_i|general[0].gpll~PLL_OUTPUT_COUNTER|divclk'
Slack : 2.364
TNS   : 0.000

Type  : Slow 1100mV 0C Model Recovery 'Computer_System:The_System|Computer_System_ARM_A9_HPS:arm_a9_hps|Computer_System_ARM_A9_HPS_hps_io:hps_io|Computer_System_ARM_A9_HPS_hps_io_border:border|hps_sdram:hps_sdram_inst|hps_sdram_pll:pll|afi_clk_write_clk'
Slack : 3.468
TNS   : 0.000

Type  : Slow 1100mV 0C Model Removal 'Computer_System:The_System|Computer_System_ARM_A9_HPS:arm_a9_hps|Computer_System_ARM_A9_HPS_hps_io:hps_io|Computer_System_ARM_A9_HPS_hps_io_border:border|hps_sdram:hps_sdram_inst|hps_sdram_pll:pll|afi_clk_write_clk'
Slack : 0.460
TNS   : 0.000

Type  : Slow 1100mV 0C Model Removal 'The_System|system_pll|sys_pll|altera_pll_i|general[0].gpll~PLL_OUTPUT_COUNTER|divclk'
Slack : 0.935
TNS   : 0.000

Type  : Slow 1100mV 0C Model Minimum Pulse Width 'Computer_System:The_System|Computer_System_ARM_A9_HPS:arm_a9_hps|Computer_System_ARM_A9_HPS_hps_io:hps_io|Computer_System_ARM_A9_HPS_hps_io_border:border|hps_sdram:hps_sdram_inst|hps_sdram_pll:pll|pll_write_clk_dq_write_clk'
Slack : 0.613
TNS   : 0.000

Type  : Slow 1100mV 0C Model Minimum Pulse Width 'Computer_System:The_System|Computer_System_ARM_A9_HPS:arm_a9_hps|Computer_System_ARM_A9_HPS_hps_io:hps_io|Computer_System_ARM_A9_HPS_hps_io_border:border|hps_sdram:hps_sdram_inst|hps_sdram_pll:pll|afi_clk_write_clk'
Slack : 0.630
TNS   : 0.000

Type  : Slow 1100mV 0C Model Minimum Pulse Width 'The_System|audio_subsystem|audio_pll|audio_pll|altera_pll_i|general[0].gpll~FRACTIONAL_PLL|vcoph[0]'
Slack : 0.689
TNS   : 0.000

Type  : Slow 1100mV 0C Model Minimum Pulse Width 'The_System|system_pll|sys_pll|altera_pll_i|general[0].gpll~FRACTIONAL_PLL|vcoph[0]'
Slack : 1.000
TNS   : 0.000

Type  : Slow 1100mV 0C Model Minimum Pulse Width 'The_System|vga_subsystem|vga_pll|video_pll|altera_pll_i|general[0].gpll~FRACTIONAL_PLL|vcoph[0]'
Slack : 1.666
TNS   : 0.000

Type  : Slow 1100mV 0C Model Minimum Pulse Width 'The_System|system_pll|sys_pll|altera_pll_i|general[0].gpll~PLL_OUTPUT_COUNTER|divclk'
Slack : 3.732
TNS   : 0.000

Type  : Slow 1100mV 0C Model Minimum Pulse Width 'The_System|system_pll|sys_pll|altera_pll_i|general[1].gpll~PLL_OUTPUT_COUNTER|divclk'
Slack : 4.813
TNS   : 0.000

Type  : Slow 1100mV 0C Model Minimum Pulse Width 'CLOCK2_50'
Slack : 9.673
TNS   : 0.000

Type  : Slow 1100mV 0C Model Minimum Pulse Width 'CLOCK3_50'
Slack : 9.673
TNS   : 0.000

Type  : Slow 1100mV 0C Model Minimum Pulse Width 'CLOCK_50'
Slack : 9.673
TNS   : 0.000

Type  : Slow 1100mV 0C Model Minimum Pulse Width 'tv_27m'
Slack : 17.473
TNS   : 0.000

Type  : Slow 1100mV 0C Model Minimum Pulse Width 'The_System|vga_subsystem|vga_pll|video_pll|altera_pll_i|general[1].gpll~PLL_OUTPUT_COUNTER|divclk'
Slack : 18.757
TNS   : 0.000

Type  : Fast 1100mV 85C Model Setup 'clk_vga'
Slack : -8.255
TNS   : -201.749

Type  : Fast 1100mV 85C Model Setup 'clk_dram'
Slack : 0.066
TNS   : 0.000

Type  : Fast 1100mV 85C Model Setup 'Computer_System:The_System|Computer_System_ARM_A9_HPS:arm_a9_hps|Computer_System_ARM_A9_HPS_hps_io:hps_io|Computer_System_ARM_A9_HPS_hps_io_border:border|hps_sdram:hps_sdram_inst|hps_sdram_pll:pll|afi_clk_write_clk'
Slack : 2.110
TNS   : 0.000

Type  : Fast 1100mV 85C Model Setup 'The_System|system_pll|sys_pll|altera_pll_i|general[0].gpll~PLL_OUTPUT_COUNTER|divclk'
Slack : 4.309
TNS   : 0.000

Type  : Fast 1100mV 85C Model Setup 'tv_27m'
Slack : 29.808
TNS   : 0.000

Type  : Fast 1100mV 85C Model Setup 'The_System|vga_subsystem|vga_pll|video_pll|altera_pll_i|general[1].gpll~PLL_OUTPUT_COUNTER|divclk'
Slack : 36.082
TNS   : 0.000

Type  : Fast 1100mV 85C Model Hold 'The_System|system_pll|sys_pll|altera_pll_i|general[0].gpll~PLL_OUTPUT_COUNTER|divclk'
Slack : -1.523
TNS   : -23.176

Type  : Fast 1100mV 85C Model Hold 'Computer_System:The_System|Computer_System_ARM_A9_HPS:arm_a9_hps|Computer_System_ARM_A9_HPS_hps_io:hps_io|Computer_System_ARM_A9_HPS_hps_io_border:border|hps_sdram:hps_sdram_inst|hps_sdram_pll:pll|afi_clk_write_clk'
Slack : 0.084
TNS   : 0.000

Type  : Fast 1100mV 85C Model Hold 'tv_27m'
Slack : 0.138
TNS   : 0.000

Type  : Fast 1100mV 85C Model Hold 'The_System|vga_subsystem|vga_pll|video_pll|altera_pll_i|general[1].gpll~PLL_OUTPUT_COUNTER|divclk'
Slack : 0.167
TNS   : 0.000

Type  : Fast 1100mV 85C Model Hold 'clk_dram'
Slack : 4.979
TNS   : 0.000

Type  : Fast 1100mV 85C Model Hold 'clk_vga'
Slack : 5.132
TNS   : 0.000

Type  : Fast 1100mV 85C Model Recovery 'Computer_System:The_System|Computer_System_ARM_A9_HPS:arm_a9_hps|Computer_System_ARM_A9_HPS_hps_io:hps_io|Computer_System_ARM_A9_HPS_hps_io_border:border|hps_sdram:hps_sdram_inst|hps_sdram_pll:pll|afi_clk_write_clk'
Slack : 3.727
TNS   : 0.000

Type  : Fast 1100mV 85C Model Recovery 'The_System|system_pll|sys_pll|altera_pll_i|general[0].gpll~PLL_OUTPUT_COUNTER|divclk'
Slack : 5.637
TNS   : 0.000

Type  : Fast 1100mV 85C Model Removal 'Computer_System:The_System|Computer_System_ARM_A9_HPS:arm_a9_hps|Computer_System_ARM_A9_HPS_hps_io:hps_io|Computer_System_ARM_A9_HPS_hps_io_border:border|hps_sdram:hps_sdram_inst|hps_sdram_pll:pll|afi_clk_write_clk'
Slack : 0.497
TNS   : 0.000

Type  : Fast 1100mV 85C Model Removal 'The_System|system_pll|sys_pll|altera_pll_i|general[0].gpll~PLL_OUTPUT_COUNTER|divclk'
Slack : 0.558
TNS   : 0.000

Type  : Fast 1100mV 85C Model Minimum Pulse Width 'The_System|audio_subsystem|audio_pll|audio_pll|altera_pll_i|general[0].gpll~FRACTIONAL_PLL|vcoph[0]'
Slack : 0.689
TNS   : 0.000

Type  : Fast 1100mV 85C Model Minimum Pulse Width 'Computer_System:The_System|Computer_System_ARM_A9_HPS:arm_a9_hps|Computer_System_ARM_A9_HPS_hps_io:hps_io|Computer_System_ARM_A9_HPS_hps_io_border:border|hps_sdram:hps_sdram_inst|hps_sdram_pll:pll|pll_write_clk_dq_write_clk'
Slack : 0.883
TNS   : 0.000

Type  : Fast 1100mV 85C Model Minimum Pulse Width 'Computer_System:The_System|Computer_System_ARM_A9_HPS:arm_a9_hps|Computer_System_ARM_A9_HPS_hps_io:hps_io|Computer_System_ARM_A9_HPS_hps_io_border:border|hps_sdram:hps_sdram_inst|hps_sdram_pll:pll|afi_clk_write_clk'
Slack : 0.891
TNS   : 0.000

Type  : Fast 1100mV 85C Model Minimum Pulse Width 'The_System|system_pll|sys_pll|altera_pll_i|general[0].gpll~FRACTIONAL_PLL|vcoph[0]'
Slack : 1.000
TNS   : 0.000

Type  : Fast 1100mV 85C Model Minimum Pulse Width 'The_System|vga_subsystem|vga_pll|video_pll|altera_pll_i|general[0].gpll~FRACTIONAL_PLL|vcoph[0]'
Slack : 1.666
TNS   : 0.000

Type  : Fast 1100mV 85C Model Minimum Pulse Width 'The_System|system_pll|sys_pll|altera_pll_i|general[0].gpll~PLL_OUTPUT_COUNTER|divclk'
Slack : 3.876
TNS   : 0.000

Type  : Fast 1100mV 85C Model Minimum Pulse Width 'The_System|system_pll|sys_pll|altera_pll_i|general[1].gpll~PLL_OUTPUT_COUNTER|divclk'
Slack : 4.909
TNS   : 0.000

Type  : Fast 1100mV 85C Model Minimum Pulse Width 'CLOCK2_50'
Slack : 9.336
TNS   : 0.000

Type  : Fast 1100mV 85C Model Minimum Pulse Width 'CLOCK3_50'
Slack : 9.336
TNS   : 0.000

Type  : Fast 1100mV 85C Model Minimum Pulse Width 'CLOCK_50'
Slack : 9.336
TNS   : 0.000

Type  : Fast 1100mV 85C Model Minimum Pulse Width 'tv_27m'
Slack : 17.024
TNS   : 0.000

Type  : Fast 1100mV 85C Model Minimum Pulse Width 'The_System|vga_subsystem|vga_pll|video_pll|altera_pll_i|general[1].gpll~PLL_OUTPUT_COUNTER|divclk'
Slack : 18.888
TNS   : 0.000

Type  : Fast 1100mV 0C Model Setup 'clk_vga'
Slack : -7.755
TNS   : -189.559

Type  : Fast 1100mV 0C Model Setup 'clk_dram'
Slack : 0.592
TNS   : 0.000

Type  : Fast 1100mV 0C Model Setup 'Computer_System:The_System|Computer_System_ARM_A9_HPS:arm_a9_hps|Computer_System_ARM_A9_HPS_hps_io:hps_io|Computer_System_ARM_A9_HPS_hps_io_border:border|hps_sdram:hps_sdram_inst|hps_sdram_pll:pll|afi_clk_write_clk'
Slack : 2.110
TNS   : 0.000

Type  : Fast 1100mV 0C Model Setup 'The_System|system_pll|sys_pll|altera_pll_i|general[0].gpll~PLL_OUTPUT_COUNTER|divclk'
Slack : 4.827
TNS   : 0.000

Type  : Fast 1100mV 0C Model Setup 'tv_27m'
Slack : 29.912
TNS   : 0.000

Type  : Fast 1100mV 0C Model Setup 'The_System|vga_subsystem|vga_pll|video_pll|altera_pll_i|general[1].gpll~PLL_OUTPUT_COUNTER|divclk'
Slack : 36.376
TNS   : 0.000

Type  : Fast 1100mV 0C Model Hold 'The_System|system_pll|sys_pll|altera_pll_i|general[0].gpll~PLL_OUTPUT_COUNTER|divclk'
Slack : -1.973
TNS   : -30.370

Type  : Fast 1100mV 0C Model Hold 'Computer_System:The_System|Computer_System_ARM_A9_HPS:arm_a9_hps|Computer_System_ARM_A9_HPS_hps_io:hps_io|Computer_System_ARM_A9_HPS_hps_io_border:border|hps_sdram:hps_sdram_inst|hps_sdram_pll:pll|afi_clk_write_clk'
Slack : 0.077
TNS   : 0.000

Type  : Fast 1100mV 0C Model Hold 'tv_27m'
Slack : 0.127
TNS   : 0.000

Type  : Fast 1100mV 0C Model Hold 'The_System|vga_subsystem|vga_pll|video_pll|altera_pll_i|general[1].gpll~PLL_OUTPUT_COUNTER|divclk'
Slack : 0.142
TNS   : 0.000

Type  : Fast 1100mV 0C Model Hold 'clk_dram'
Slack : 4.664
TNS   : 0.000

Type  : Fast 1100mV 0C Model Hold 'clk_vga'
Slack : 4.697
TNS   : 0.000

Type  : Fast 1100mV 0C Model Recovery 'Computer_System:The_System|Computer_System_ARM_A9_HPS:arm_a9_hps|Computer_System_ARM_A9_HPS_hps_io:hps_io|Computer_System_ARM_A9_HPS_hps_io_border:border|hps_sdram:hps_sdram_inst|hps_sdram_pll:pll|afi_clk_write_clk'
Slack : 3.825
TNS   : 0.000

Type  : Fast 1100mV 0C Model Recovery 'The_System|system_pll|sys_pll|altera_pll_i|general[0].gpll~PLL_OUTPUT_COUNTER|divclk'
Slack : 5.788
TNS   : 0.000

Type  : Fast 1100mV 0C Model Removal 'Computer_System:The_System|Computer_System_ARM_A9_HPS:arm_a9_hps|Computer_System_ARM_A9_HPS_hps_io:hps_io|Computer_System_ARM_A9_HPS_hps_io_border:border|hps_sdram:hps_sdram_inst|hps_sdram_pll:pll|afi_clk_write_clk'
Slack : 0.473
TNS   : 0.000

Type  : Fast 1100mV 0C Model Removal 'The_System|system_pll|sys_pll|altera_pll_i|general[0].gpll~PLL_OUTPUT_COUNTER|divclk'
Slack : 0.508
TNS   : 0.000

Type  : Fast 1100mV 0C Model Minimum Pulse Width 'The_System|audio_subsystem|audio_pll|audio_pll|altera_pll_i|general[0].gpll~FRACTIONAL_PLL|vcoph[0]'
Slack : 0.689
TNS   : 0.000

Type  : Fast 1100mV 0C Model Minimum Pulse Width 'Computer_System:The_System|Computer_System_ARM_A9_HPS:arm_a9_hps|Computer_System_ARM_A9_HPS_hps_io:hps_io|Computer_System_ARM_A9_HPS_hps_io_border:border|hps_sdram:hps_sdram_inst|hps_sdram_pll:pll|pll_write_clk_dq_write_clk'
Slack : 0.887
TNS   : 0.000

Type  : Fast 1100mV 0C Model Minimum Pulse Width 'Computer_System:The_System|Computer_System_ARM_A9_HPS:arm_a9_hps|Computer_System_ARM_A9_HPS_hps_io:hps_io|Computer_System_ARM_A9_HPS_hps_io_border:border|hps_sdram:hps_sdram_inst|hps_sdram_pll:pll|afi_clk_write_clk'
Slack : 0.894
TNS   : 0.000

Type  : Fast 1100mV 0C Model Minimum Pulse Width 'The_System|system_pll|sys_pll|altera_pll_i|general[0].gpll~FRACTIONAL_PLL|vcoph[0]'
Slack : 1.000
TNS   : 0.000

Type  : Fast 1100mV 0C Model Minimum Pulse Width 'The_System|vga_subsystem|vga_pll|video_pll|altera_pll_i|general[0].gpll~FRACTIONAL_PLL|vcoph[0]'
Slack : 1.666
TNS   : 0.000

Type  : Fast 1100mV 0C Model Minimum Pulse Width 'The_System|system_pll|sys_pll|altera_pll_i|general[0].gpll~PLL_OUTPUT_COUNTER|divclk'
Slack : 3.878
TNS   : 0.000

Type  : Fast 1100mV 0C Model Minimum Pulse Width 'The_System|system_pll|sys_pll|altera_pll_i|general[1].gpll~PLL_OUTPUT_COUNTER|divclk'
Slack : 4.906
TNS   : 0.000

Type  : Fast 1100mV 0C Model Minimum Pulse Width 'CLOCK2_50'
Slack : 9.286
TNS   : 0.000

Type  : Fast 1100mV 0C Model Minimum Pulse Width 'CLOCK3_50'
Slack : 9.286
TNS   : 0.000

Type  : Fast 1100mV 0C Model Minimum Pulse Width 'CLOCK_50'
Slack : 9.286
TNS   : 0.000

Type  : Fast 1100mV 0C Model Minimum Pulse Width 'tv_27m'
Slack : 16.980
TNS   : 0.000

Type  : Fast 1100mV 0C Model Minimum Pulse Width 'The_System|vga_subsystem|vga_pll|video_pll|altera_pll_i|general[1].gpll~PLL_OUTPUT_COUNTER|divclk'
Slack : 18.889
TNS   : 0.000

------------------------------------------------------------
Info: see the "DDR report" for DDR timing results
------------------------------------------------------------
------------------------------------------------------------
