Info: Starting: Create HDL design files for synthesis
Info: qsys-generate G:\From_web_page\FIFO_loopback\verilog\Computer_System.qsys --synthesis=VERILOG --output-directory=G:\From_web_page\FIFO_loopback\verilog\Computer_System\synthesis --family="Cyclone V" --part=5CSEMA5F31C6
Progress: Loading verilog/Computer_System.qsys
Progress: Reading input file
Progress: Adding ARM_A9_HPS [altera_hps 15.0]
Progress: Parameterizing module ARM_A9_HPS
Progress: Adding Onchip_SRAM [altera_avalon_onchip_memory2 15.0]
Progress: Parameterizing module Onchip_SRAM
Progress: Adding System_PLL [altera_up_avalon_sys_sdram_pll 15.0]
Progress: Parameterizing module System_PLL
Progress: Adding clock_bridge_0 [altera_clock_bridge 15.0]
Progress: Parameterizing module clock_bridge_0
Progress: Adding fifo_HPS_to_FPGA [altera_avalon_fifo 15.0]
Progress: Parameterizing module fifo_HPS_to_FPGA
Progress: Building connections
Progress: Parameterizing connections
Progress: Validating
Progress: Done reading input file
Info: Computer_System.ARM_A9_HPS: HPS Main PLL counter settings: n = 0  m = 73
Info: Computer_System.ARM_A9_HPS: HPS peripherial PLL counter settings: n = 0  m = 39
Warning: Computer_System.ARM_A9_HPS: "Configuration/HPS-to-FPGA user 0 clock frequency" (desired_cfg_clk_mhz) requested 100.0 MHz, but only achieved 97.368421 MHz
Warning: Computer_System.ARM_A9_HPS: "QSPI clock frequency" (desired_qspi_clk_mhz) requested 400.0 MHz, but only achieved 370.0 MHz
Warning: Computer_System.ARM_A9_HPS: 1 or more output clock frequencies cannot be achieved precisely, consider revising desired output clock frequencies.
Warning: Computer_System.: You have exported the interface fifo_HPS_to_FPGA.out but not its associated reset interface.  Export the driver(s) of fifo_HPS_to_FPGA.reset_out
Warning: Computer_System.: You have exported the interface fifo_HPS_to_FPGA.out_csr but not its associated reset interface.  Export the driver(s) of fifo_HPS_to_FPGA.reset_out
Warning: Computer_System.: You have exported the interface Onchip_SRAM.s1 but not its associated reset interface.  Export the driver(s) of Onchip_SRAM.reset1
Info: Computer_System: Generating Computer_System "Computer_System" for QUARTUS_SYNTH
Info: Interconnect is inserted between master ARM_A9_HPS.h2f_lw_axi_master and slave fifo_HPS_to_FPGA.in_csr because the master is of type axi and the slave is of type avalon.
Warning: ARM_A9_HPS.f2h_irq0: Cannot connect clock for irq_mapper.sender
Warning: ARM_A9_HPS.f2h_irq0: Cannot connect reset for irq_mapper.sender
Warning: ARM_A9_HPS.f2h_irq1: Cannot connect clock for irq_mapper_001.sender
Warning: ARM_A9_HPS.f2h_irq1: Cannot connect reset for irq_mapper_001.sender
Info: ARM_A9_HPS: "Running  for module: ARM_A9_HPS"
Info: ARM_A9_HPS: HPS Main PLL counter settings: n = 0  m = 73
Info: ARM_A9_HPS: HPS peripherial PLL counter settings: n = 0  m = 39
Warning: ARM_A9_HPS: "Configuration/HPS-to-FPGA user 0 clock frequency" (desired_cfg_clk_mhz) requested 100.0 MHz, but only achieved 97.368421 MHz
Warning: ARM_A9_HPS: "QSPI clock frequency" (desired_qspi_clk_mhz) requested 400.0 MHz, but only achieved 370.0 MHz
Warning: ARM_A9_HPS: 1 or more output clock frequencies cannot be achieved precisely, consider revising desired output clock frequencies.
Info: ARM_A9_HPS: "Computer_System" instantiated altera_hps "ARM_A9_HPS"
Info: Onchip_SRAM: Starting RTL generation for module 'Computer_System_Onchip_SRAM'
Info: Onchip_SRAM:   Generation command is [exec C:/altera/15.0/quartus/bin64/perl/bin/perl.exe -I C:/altera/15.0/quartus/bin64/perl/lib -I C:/altera/15.0/quartus/sopc_builder/bin/europa -I C:/altera/15.0/quartus/sopc_builder/bin/perl_lib -I C:/altera/15.0/quartus/sopc_builder/bin -I C:/altera/15.0/quartus/../ip/altera/sopc_builder_ip/common -I C:/altera/15.0/quartus/../ip/altera/sopc_builder_ip/altera_avalon_onchip_memory2 -- C:/altera/15.0/quartus/../ip/altera/sopc_builder_ip/altera_avalon_onchip_memory2/generate_rtl.pl --name=Computer_System_Onchip_SRAM --dir=C:/Users/brl4/AppData/Local/Temp/alt7274_6075726385238751092.dir/0001_Onchip_SRAM_gen/ --quartus_dir=C:/altera/15.0/quartus --verilog --config=C:/Users/brl4/AppData/Local/Temp/alt7274_6075726385238751092.dir/0001_Onchip_SRAM_gen//Computer_System_Onchip_SRAM_component_configuration.pl  --do_build_sim=0  ]
Info: Onchip_SRAM: Done RTL generation for module 'Computer_System_Onchip_SRAM'
Info: Onchip_SRAM: "Computer_System" instantiated altera_avalon_onchip_memory2 "Onchip_SRAM"
Info: System_PLL: "Computer_System" instantiated altera_up_avalon_sys_sdram_pll "System_PLL"
Info: fifo_HPS_to_FPGA: Starting RTL generation for module 'Computer_System_fifo_HPS_to_FPGA'
Info: fifo_HPS_to_FPGA:   Generation command is [exec C:/altera/15.0/quartus/bin64/perl/bin/perl.exe -I C:/altera/15.0/quartus/bin64/perl/lib -I C:/altera/15.0/quartus/sopc_builder/bin/europa -I C:/altera/15.0/quartus/sopc_builder/bin/perl_lib -I C:/altera/15.0/quartus/sopc_builder/bin -I C:/altera/15.0/quartus/../ip/altera/sopc_builder_ip/common -I C:/altera/15.0/quartus/../ip/altera/sopc_builder_ip/altera_avalon_fifo -- C:/altera/15.0/quartus/../ip/altera/sopc_builder_ip/altera_avalon_fifo/generate_rtl.pl --name=Computer_System_fifo_HPS_to_FPGA --dir=C:/Users/brl4/AppData/Local/Temp/alt7274_6075726385238751092.dir/0002_fifo_HPS_to_FPGA_gen/ --quartus_dir=C:/altera/15.0/quartus --verilog --config=C:/Users/brl4/AppData/Local/Temp/alt7274_6075726385238751092.dir/0002_fifo_HPS_to_FPGA_gen//Computer_System_fifo_HPS_to_FPGA_component_configuration.pl  --do_build_sim=0  ]
Info: fifo_HPS_to_FPGA: Done RTL generation for module 'Computer_System_fifo_HPS_to_FPGA'
Info: fifo_HPS_to_FPGA: "Computer_System" instantiated altera_avalon_fifo "fifo_HPS_to_FPGA"
Info: avalon_st_adapter: Inserting error_adapter: error_adapter_0
Info: avalon_st_adapter_001: Inserting error_adapter: error_adapter_0
Info: mm_interconnect_0: "Computer_System" instantiated altera_mm_interconnect "mm_interconnect_0"
Info: avalon_st_adapter: Inserting error_adapter: error_adapter_0
Info: mm_interconnect_1: "Computer_System" instantiated altera_mm_interconnect "mm_interconnect_1"
Info: irq_mapper: "Computer_System" instantiated altera_irq_mapper "irq_mapper"
Info: rst_controller: "Computer_System" instantiated altera_reset_controller "rst_controller"
Info: fpga_interfaces: "ARM_A9_HPS" instantiated altera_interface_generator "fpga_interfaces"
Info: hps_io: "ARM_A9_HPS" instantiated altera_hps_io "hps_io"
Info: sys_pll: "System_PLL" instantiated altera_pll "sys_pll"
Info: reset_from_locked: "System_PLL" instantiated altera_up_avalon_reset_from_locked_signal "reset_from_locked"
Info: fifo_HPS_to_FPGA_in_translator: "mm_interconnect_0" instantiated altera_merlin_slave_translator "fifo_HPS_to_FPGA_in_translator"
Info: ARM_A9_HPS_h2f_axi_master_agent: "mm_interconnect_0" instantiated altera_merlin_axi_master_ni "ARM_A9_HPS_h2f_axi_master_agent"
Info: fifo_HPS_to_FPGA_in_agent: "mm_interconnect_0" instantiated altera_merlin_slave_agent "fifo_HPS_to_FPGA_in_agent"
Info: fifo_HPS_to_FPGA_in_agent_rsp_fifo: "mm_interconnect_0" instantiated altera_avalon_sc_fifo "fifo_HPS_to_FPGA_in_agent_rsp_fifo"
Info: router: "mm_interconnect_0" instantiated altera_merlin_router "router"
Info: router_002: "mm_interconnect_0" instantiated altera_merlin_router "router_002"
Info: ARM_A9_HPS_h2f_axi_master_wr_limiter: "mm_interconnect_0" instantiated altera_merlin_traffic_limiter "ARM_A9_HPS_h2f_axi_master_wr_limiter"
Info: Reusing file G:/From_web_page/FIFO_loopback/verilog/Computer_System/synthesis/submodules/altera_avalon_sc_fifo.v
Info: fifo_HPS_to_FPGA_in_burst_adapter: "mm_interconnect_0" instantiated altera_merlin_burst_adapter "fifo_HPS_to_FPGA_in_burst_adapter"
Info: Reusing file G:/From_web_page/FIFO_loopback/verilog/Computer_System/synthesis/submodules/altera_merlin_address_alignment.sv
Info: Reusing file G:/From_web_page/FIFO_loopback/verilog/Computer_System/synthesis/submodules/altera_avalon_st_pipeline_base.v
Info: cmd_demux: "mm_interconnect_0" instantiated altera_merlin_demultiplexer "cmd_demux"
Info: cmd_mux: "mm_interconnect_0" instantiated altera_merlin_multiplexer "cmd_mux"
Info: rsp_demux: "mm_interconnect_0" instantiated altera_merlin_demultiplexer "rsp_demux"
Info: rsp_mux: "mm_interconnect_0" instantiated altera_merlin_multiplexer "rsp_mux"
Info: Reusing file G:/From_web_page/FIFO_loopback/verilog/Computer_System/synthesis/submodules/altera_merlin_arbitrator.sv
Info: fifo_HPS_to_FPGA_in_rsp_width_adapter: "mm_interconnect_0" instantiated altera_merlin_width_adapter "fifo_HPS_to_FPGA_in_rsp_width_adapter"
Info: Reusing file G:/From_web_page/FIFO_loopback/verilog/Computer_System/synthesis/submodules/altera_merlin_address_alignment.sv
Info: Reusing file G:/From_web_page/FIFO_loopback/verilog/Computer_System/synthesis/submodules/altera_merlin_burst_uncompressor.sv
Info: avalon_st_adapter: "mm_interconnect_0" instantiated altera_avalon_st_adapter "avalon_st_adapter"
Info: router: "mm_interconnect_1" instantiated altera_merlin_router "router"
Info: router_002: "mm_interconnect_1" instantiated altera_merlin_router "router_002"
Info: cmd_demux: "mm_interconnect_1" instantiated altera_merlin_demultiplexer "cmd_demux"
Info: cmd_mux: "mm_interconnect_1" instantiated altera_merlin_multiplexer "cmd_mux"
Info: Reusing file G:/From_web_page/FIFO_loopback/verilog/Computer_System/synthesis/submodules/altera_merlin_arbitrator.sv
Info: rsp_demux: "mm_interconnect_1" instantiated altera_merlin_demultiplexer "rsp_demux"
Info: rsp_mux: "mm_interconnect_1" instantiated altera_merlin_multiplexer "rsp_mux"
Info: Reusing file G:/From_web_page/FIFO_loopback/verilog/Computer_System/synthesis/submodules/altera_merlin_arbitrator.sv
Info: border: "hps_io" instantiated altera_interface_generator "border"
Info: error_adapter_0: "avalon_st_adapter" instantiated error_adapter "error_adapter_0"
Info: Computer_System: Done "Computer_System" with 35 modules, 94 files
Info: ip-generate succeeded.
Info: Finished: Create HDL design files for synthesis
